$ /opt/anaconda3/bin/python /users/home/dchanda/pfm_latent_space/scripts/downstream_mil.py --task cptac_coad_tp53 --group best --latent-dim 64 --max-patches 4000 --epochs 80 --align-patches 50000 --mil abmil transmil --seed 0 --out results/full_run/downstream/downstream/cptac_coad_tp53

FeatureGroup(cptac_benchmark/10x_256px, 6 encoders: ['conch_v1', 'ctranspath', 'gigapath', 'keep', 'resnet50', 'uni_v2'])
task: cptac_coad_tp53 — CPTAC-COAD: predict TP53 mutation status from morphology
note: Patients without sequencing are excluded, not called WT. Mutation prediction from H&E is a weak-signal task — AUCs in the 0.6-0.75 range are the norm — which makes it far more discriminative between encoders than tissue typing.

223 slides, 106 patients
label
MUT    118
WT     105
split: 170 train / 53 test slides (patient-disjoint)

Fitting gcca on TRAINING slides only ... /users/home/dchanda/.local/lib/python3.12/site-packages/torch/nn/modules/transformer.py:382: UserWarning: enable_nested_tensor is True, but self.use_nested_tensor is False because encoder_layer.norm_first was True
  warnings.warn(
/users/home/dchanda/.local/lib/python3.12/site-packages/torch/nn/modules/transformer.py:382: UserWarning: enable_nested_tensor is True, but self.use_nested_tensor is False because encoder_layer.norm_first was True
  warnings.warn(
/users/home/dchanda/.local/lib/python3.12/site-packages/torch/nn/modules/transformer.py:382: UserWarning: enable_nested_tensor is True, but self.use_nested_tensor is False because encoder_layer.norm_first was True
  warnings.warn(
/users/home/dchanda/.local/lib/python3.12/site-packages/torch/nn/modules/transformer.py:382: UserWarning: enable_nested_tensor is True, but self.use_nested_tensor is False because encoder_layer.norm_first was True
  warnings.warn(
/users/home/dchanda/.local/lib/python3.12/site-packages/torch/nn/modules/transformer.py:382: UserWarning: enable_nested_tensor is True, but self.use_nested_tensor is False because encoder_layer.norm_first was True
  warnings.warn(
/users/home/dchanda/.local/lib/python3.12/site-packages/torch/nn/modules/transformer.py:382: UserWarning: enable_nested_tensor is True, but self.use_nested_tensor is False because encoder_layer.norm_first was True
  warnings.warn(
/users/home/dchanda/.local/lib/python3.12/site-packages/torch/nn/modules/transformer.py:382: UserWarning: enable_nested_tensor is True, but self.use_nested_tensor is False because encoder_layer.norm_first was True
  warnings.warn(
/users/home/dchanda/.local/lib/python3.12/site-packages/torch/nn/modules/transformer.py:382: UserWarning: enable_nested_tensor is True, but self.use_nested_tensor is False because encoder_layer.norm_first was True
  warnings.warn(
done (45.9s)

=== single [conch_v1] ===
  223 slides usable (0 not in the feature group)
  loaded 100/223 slides
  loaded 200/223 slides
  loaded 223 bags, dim=512 (2.1s)
  abmil     auc=0.5739 bacc=0.5841 f1=0.5824 acc=0.6038
  transmil  auc=0.5101 bacc=0.5377 f1=0.5283 acc=0.5283

=== single [ctranspath] ===
  223 slides usable (0 not in the feature group)
  loaded 100/223 slides
  loaded 200/223 slides
  loaded 223 bags, dim=768 (2.3s)
  abmil     auc=0.5826 bacc=0.5572 f1=0.5488 acc=0.5849
  transmil  auc=0.4884 bacc=0.4812 f1=0.4401 acc=0.4528

=== single [gigapath] ===
  223 slides usable (0 not in the feature group)
  loaded 100/223 slides
  loaded 200/223 slides
  loaded 223 bags, dim=1536 (3.7s)
  abmil     auc=0.4449 bacc=0.4674 f1=0.4670 acc=0.4717
  transmil  auc=0.5725 bacc=0.5609 f1=0.5604 acc=0.5660

=== single [keep] ===
  223 slides usable (0 not in the feature group)
  loaded 100/223 slides
  loaded 200/223 slides
  loaded 223 bags, dim=768 (2.1s)
  abmil     auc=0.5507 bacc=0.4833 f1=0.3537 acc=0.5472
  transmil  auc=0.5087 bacc=0.5000 f1=0.3026 acc=0.4340

=== single [resnet50] ===
  223 slides usable (0 not in the feature group)
  loaded 100/223 slides
  loaded 200/223 slides
  loaded 223 bags, dim=1024 (2.6s)
  abmil     auc=0.5188 bacc=0.5000 f1=0.3614 acc=0.5660
  transmil  auc=0.5319 bacc=0.5000 f1=0.3026 acc=0.4340

=== single [uni_v2] ===
  223 slides usable (0 not in the feature group)
  loaded 100/223 slides
  loaded 200/223 slides
  loaded 223 bags, dim=1536 (3.0s)
  abmil     auc=0.5536 bacc=0.5123 f1=0.5109 acc=0.5283
  transmil  auc=0.5725 bacc=0.5790 f1=0.5741 acc=0.6038

=== concat [all] ===
  223 slides usable (0 not in the feature group)
  loaded 100/223 slides
  loaded 200/223 slides
  loaded 223 bags, dim=6144 (18.4s)
  abmil     auc=0.4812 bacc=0.4674 f1=0.4670 acc=0.4717
  transmil  auc=0.5580 bacc=0.5000 f1=0.3026 acc=0.4340

=== shared [all] ===
  223 slides usable (0 not in the feature group)
  loaded 100/223 slides
  loaded 200/223 slides
  loaded 223 bags, dim=64 (28.1s)
  abmil     auc=0.3551 bacc=0.5000 f1=0.3614 acc=0.5660
  transmil  auc=0.4652 bacc=0.5000 f1=0.3026 acc=0.4340

=== Phase VIII results (patient-disjoint test split) ===
condition   encoders      mil  dim    auc  accuracy     f1  balanced_accuracy  n_test  seconds
   single   conch_v1    abmil  512 0.5739    0.6038 0.5824             0.5841      53     10.0
   single   conch_v1 transmil  512 0.5101    0.5283 0.5283             0.5377      53      9.2
   single ctranspath    abmil  768 0.5826    0.5849 0.5488             0.5572      53      7.2
   single ctranspath transmil  768 0.4884    0.4528 0.4401             0.4812      53     12.2
   single   gigapath    abmil 1536 0.4449    0.4717 0.4670             0.4674      53      6.2
   single   gigapath transmil 1536 0.5725    0.5660 0.5604             0.5609      53     12.5
   single       keep    abmil  768 0.5507    0.5472 0.3537             0.4833      53      3.6
   single       keep transmil  768 0.5087    0.4340 0.3026             0.5000      53      8.0
   single   resnet50    abmil 1024 0.5188    0.5660 0.3614             0.5000      53      4.6
   single   resnet50 transmil 1024 0.5319    0.4340 0.3026             0.5000      53      9.8
   single     uni_v2    abmil 1536 0.5536    0.5283 0.5109             0.5123      53     13.4
   single     uni_v2 transmil 1536 0.5725    0.6038 0.5741             0.5790      53     11.8
   concat        all    abmil 6144 0.4812    0.4717 0.4670             0.4674      53     12.7
   concat        all transmil 6144 0.5580    0.4340 0.3026             0.5000      53     15.3
   shared        all    abmil   64 0.3551    0.5660 0.3614             0.5000      53      4.2
   shared        all transmil   64 0.4652    0.4340 0.3026             0.5000      53      8.2

Wrote results to results/full_run/downstream/downstream/cptac_coad_tp53
