$ /opt/anaconda3/bin/python /users/home/dchanda/pfm_latent_space/scripts/downstream_mil.py --task cptac_brca_gata3 --group best --latent-dim 64 --max-patches 4000 --epochs 80 --align-patches 50000 --mil abmil transmil --seed 0 --out results/full_run/downstream/downstream/cptac_brca_gata3

FeatureGroup(cptac_benchmark/10x_256px, 6 encoders: ['conch_v1', 'ctranspath', 'gigapath', 'keep', 'resnet50', 'uni_v2'])
task: cptac_brca_gata3 — CPTAC-BRCA: predict GATA3 mutation status from morphology
note: Patients without sequencing are excluded, not called WT. Mutation prediction from H&E is a weak-signal task — AUCs in the 0.6-0.75 range are the norm — which makes it far more discriminative between encoders than tissue typing.

377 slides, 116 patients
label
WT     338
MUT     39
split: 272 train / 105 test slides (patient-disjoint)

Fitting gcca on TRAINING slides only ... /users/home/dchanda/.local/lib/python3.12/site-packages/torch/nn/modules/transformer.py:382: UserWarning: enable_nested_tensor is True, but self.use_nested_tensor is False because encoder_layer.norm_first was True
  warnings.warn(
/users/home/dchanda/.local/lib/python3.12/site-packages/torch/nn/modules/transformer.py:382: UserWarning: enable_nested_tensor is True, but self.use_nested_tensor is False because encoder_layer.norm_first was True
  warnings.warn(
/users/home/dchanda/.local/lib/python3.12/site-packages/torch/nn/modules/transformer.py:382: UserWarning: enable_nested_tensor is True, but self.use_nested_tensor is False because encoder_layer.norm_first was True
  warnings.warn(
/users/home/dchanda/.local/lib/python3.12/site-packages/torch/nn/modules/transformer.py:382: UserWarning: enable_nested_tensor is True, but self.use_nested_tensor is False because encoder_layer.norm_first was True
  warnings.warn(
/users/home/dchanda/.local/lib/python3.12/site-packages/torch/nn/modules/transformer.py:382: UserWarning: enable_nested_tensor is True, but self.use_nested_tensor is False because encoder_layer.norm_first was True
  warnings.warn(
/users/home/dchanda/.local/lib/python3.12/site-packages/torch/nn/modules/transformer.py:382: UserWarning: enable_nested_tensor is True, but self.use_nested_tensor is False because encoder_layer.norm_first was True
  warnings.warn(
/users/home/dchanda/.local/lib/python3.12/site-packages/torch/nn/modules/transformer.py:382: UserWarning: enable_nested_tensor is True, but self.use_nested_tensor is False because encoder_layer.norm_first was True
  warnings.warn(
/users/home/dchanda/.local/lib/python3.12/site-packages/torch/nn/modules/transformer.py:382: UserWarning: enable_nested_tensor is True, but self.use_nested_tensor is False because encoder_layer.norm_first was True
  warnings.warn(
done (192.4s)

=== single [conch_v1] ===
  377 slides usable (0 not in the feature group)
  loaded 100/377 slides
  loaded 200/377 slides
  loaded 300/377 slides
  loaded 377 bags, dim=512 (16.4s)
  abmil     auc=0.5579 bacc=0.5289 f1=0.5333 acc=0.8762
  transmil  auc=0.5337 bacc=0.4842 f1=0.4670 acc=0.8762

=== single [ctranspath] ===
  377 slides usable (0 not in the feature group)
  loaded 100/377 slides
  loaded 200/377 slides
  loaded 300/377 slides
  loaded 377 bags, dim=768 (20.5s)
  abmil     auc=0.4642 bacc=0.4789 f1=0.4643 acc=0.8667
  transmil  auc=0.5411 bacc=0.4842 f1=0.4670 acc=0.8762

=== single [gigapath] ===
  377 slides usable (0 not in the feature group)
  loaded 100/377 slides
  loaded 200/377 slides
  loaded 300/377 slides
  loaded 377 bags, dim=1536 (26.5s)
  abmil     auc=0.4616 bacc=0.4947 f1=0.4724 acc=0.8952
  transmil  auc=0.5116 bacc=0.4632 f1=0.4560 acc=0.8381

=== single [keep] ===
  377 slides usable (0 not in the feature group)
  loaded 100/377 slides
  loaded 200/377 slides
  loaded 300/377 slides
  loaded 377 bags, dim=768 (18.2s)
  abmil     auc=0.4947 bacc=0.5000 f1=0.4750 acc=0.9048
  transmil  auc=0.4889 bacc=0.4632 f1=0.4560 acc=0.8381

=== single [resnet50] ===
  377 slides usable (0 not in the feature group)
  loaded 100/377 slides
  loaded 200/377 slides
  loaded 300/377 slides
  loaded 377 bags, dim=1024 (17.3s)
  abmil     auc=0.4284 bacc=0.4789 f1=0.4643 acc=0.8667
  transmil  auc=0.4821 bacc=0.5079 f1=0.5081 acc=0.8381

=== single [uni_v2] ===
  377 slides usable (0 not in the feature group)
  loaded 100/377 slides
  loaded 200/377 slides
  loaded 300/377 slides
  loaded 377 bags, dim=1536 (22.5s)
  abmil     auc=0.5474 bacc=0.4842 f1=0.4670 acc=0.8762
  transmil  auc=0.5305 bacc=0.4842 f1=0.4670 acc=0.8762

=== concat [all] ===
  377 slides usable (0 not in the feature group)
  loaded 100/377 slides
  loaded 200/377 slides
  loaded 300/377 slides
  loaded 377 bags, dim=6144 (39.7s)
  abmil     auc=0.5032 bacc=0.4632 f1=0.4560 acc=0.8381
  transmil  auc=0.4968 bacc=0.4895 f1=0.4697 acc=0.8857

=== shared [all] ===
  377 slides usable (0 not in the feature group)
  loaded 100/377 slides
  loaded 200/377 slides
  loaded 300/377 slides
  loaded 377 bags, dim=64 (49.1s)
  abmil     auc=0.6200 bacc=0.5000 f1=0.4750 acc=0.9048
  transmil  auc=0.6474 bacc=0.5000 f1=0.4750 acc=0.9048

=== Phase VIII results (patient-disjoint test split) ===
condition   encoders      mil  dim    auc  accuracy     f1  balanced_accuracy  n_test  seconds
   single   conch_v1    abmil  512 0.5579    0.8762 0.5333             0.5289     105     21.7
   single   conch_v1 transmil  512 0.5337    0.8762 0.4670             0.4842     105     19.2
   single ctranspath    abmil  768 0.4642    0.8667 0.4643             0.4789     105     29.8
   single ctranspath transmil  768 0.5411    0.8762 0.4670             0.4842     105     28.1
   single   gigapath    abmil 1536 0.4616    0.8952 0.4724             0.4947     105     73.7
   single   gigapath transmil 1536 0.5116    0.8381 0.4560             0.4632     105     26.2
   single       keep    abmil  768 0.4947    0.9048 0.4750             0.5000     105     27.6
   single       keep transmil  768 0.4889    0.8381 0.4560             0.4632     105     60.5
   single   resnet50    abmil 1024 0.4284    0.8667 0.4643             0.4789     105     64.8
   single   resnet50 transmil 1024 0.4821    0.8381 0.5081             0.5079     105     41.9
   single     uni_v2    abmil 1536 0.5474    0.8762 0.4670             0.4842     105     33.5
   single     uni_v2 transmil 1536 0.5305    0.8762 0.4670             0.4842     105     32.1
   concat        all    abmil 6144 0.5032    0.8381 0.4560             0.4632     105     40.3
   concat        all transmil 6144 0.4968    0.8857 0.4697             0.4895     105     45.8
   shared        all    abmil   64 0.6200    0.9048 0.4750             0.5000     105     15.5
   shared        all transmil   64 0.6474    0.9048 0.4750             0.5000     105     18.3

Wrote results to results/full_run/downstream/downstream/cptac_brca_gata3
