MOSAIC study — preset 'full', 14 stages
output: /users/home/dchanda/pfm_latent_space/results/full_run/downstream
tasks : ['cptac_brca_gata3', 'cptac_brca_map3k1', 'cptac_brca_pik3ca', 'cptac_coad_kras', 'cptac_coad_pik3ca', 'cptac_coad_tp53', 'cptac_luad_kras', 'cptac_luad_stk11', 'cptac_luad_tp53', 'cptac_nsclc', 'tcga_brca_stage', 'tcga_brca_subtype', 'tcga_nsclc', 'tcga_nsclc_stage']

==============================================================================
[downstream_cptac_brca_gata3] /opt/anaconda3/bin/python /users/home/dchanda/pfm_latent_space/scripts/downstream_mil.py --task cptac_brca_gata3 --group best --latent-dim 64 --max-patches 4000 --epochs 80 --align-patches 50000 --mil abmil transmil --seed 0 --out results/full_run/downstream/downstream/cptac_brca_gata3
==============================================================================
FeatureGroup(cptac_benchmark/10x_256px, 6 encoders: ['conch_v1', 'ctranspath', 'gigapath', 'keep', 'resnet50', 'uni_v2'])
task: cptac_brca_gata3 — CPTAC-BRCA: predict GATA3 mutation status from morphology
note: Patients without sequencing are excluded, not called WT. Mutation prediction from H&E is a weak-signal task — AUCs in the 0.6-0.75 range are the norm — which makes it far more discriminative between encoders than tissue typing.

377 slides, 116 patients
label
WT     338
MUT     39
split: 272 train / 105 test slides (patient-disjoint)

Fitting gcca on TRAINING slides only ... /users/home/dchanda/.local/lib/python3.12/site-packages/torch/nn/modules/transformer.py:382: UserWarning: enable_nested_tensor is True, but self.use_nested_tensor is False because encoder_layer.norm_first was True
  warnings.warn(
/users/home/dchanda/.local/lib/python3.12/site-packages/torch/nn/modules/transformer.py:382: UserWarning: enable_nested_tensor is True, but self.use_nested_tensor is False because encoder_layer.norm_first was True
  warnings.warn(
/users/home/dchanda/.local/lib/python3.12/site-packages/torch/nn/modules/transformer.py:382: UserWarning: enable_nested_tensor is True, but self.use_nested_tensor is False because encoder_layer.norm_first was True
  warnings.warn(
/users/home/dchanda/.local/lib/python3.12/site-packages/torch/nn/modules/transformer.py:382: UserWarning: enable_nested_tensor is True, but self.use_nested_tensor is False because encoder_layer.norm_first was True
  warnings.warn(
/users/home/dchanda/.local/lib/python3.12/site-packages/torch/nn/modules/transformer.py:382: UserWarning: enable_nested_tensor is True, but self.use_nested_tensor is False because encoder_layer.norm_first was True
  warnings.warn(
/users/home/dchanda/.local/lib/python3.12/site-packages/torch/nn/modules/transformer.py:382: UserWarning: enable_nested_tensor is True, but self.use_nested_tensor is False because encoder_layer.norm_first was True
  warnings.warn(
/users/home/dchanda/.local/lib/python3.12/site-packages/torch/nn/modules/transformer.py:382: UserWarning: enable_nested_tensor is True, but self.use_nested_tensor is False because encoder_layer.norm_first was True
  warnings.warn(
/users/home/dchanda/.local/lib/python3.12/site-packages/torch/nn/modules/transformer.py:382: UserWarning: enable_nested_tensor is True, but self.use_nested_tensor is False because encoder_layer.norm_first was True
  warnings.warn(
done (192.4s)

=== single [conch_v1] ===
  377 slides usable (0 not in the feature group)
  loaded 100/377 slides
  loaded 200/377 slides
  loaded 300/377 slides
  loaded 377 bags, dim=512 (16.4s)
  abmil     auc=0.5579 bacc=0.5289 f1=0.5333 acc=0.8762
  transmil  auc=0.5337 bacc=0.4842 f1=0.4670 acc=0.8762

=== single [ctranspath] ===
  377 slides usable (0 not in the feature group)
  loaded 100/377 slides
  loaded 200/377 slides
  loaded 300/377 slides
  loaded 377 bags, dim=768 (20.5s)
  abmil     auc=0.4642 bacc=0.4789 f1=0.4643 acc=0.8667
  transmil  auc=0.5411 bacc=0.4842 f1=0.4670 acc=0.8762

=== single [gigapath] ===
  377 slides usable (0 not in the feature group)
  loaded 100/377 slides
  loaded 200/377 slides
  loaded 300/377 slides
  loaded 377 bags, dim=1536 (26.5s)
  abmil     auc=0.4616 bacc=0.4947 f1=0.4724 acc=0.8952
  transmil  auc=0.5116 bacc=0.4632 f1=0.4560 acc=0.8381

=== single [keep] ===
  377 slides usable (0 not in the feature group)
  loaded 100/377 slides
  loaded 200/377 slides
  loaded 300/377 slides
  loaded 377 bags, dim=768 (18.2s)
  abmil     auc=0.4947 bacc=0.5000 f1=0.4750 acc=0.9048
  transmil  auc=0.4889 bacc=0.4632 f1=0.4560 acc=0.8381

=== single [resnet50] ===
  377 slides usable (0 not in the feature group)
  loaded 100/377 slides
  loaded 200/377 slides
  loaded 300/377 slides
  loaded 377 bags, dim=1024 (17.3s)
  abmil     auc=0.4284 bacc=0.4789 f1=0.4643 acc=0.8667
  transmil  auc=0.4821 bacc=0.5079 f1=0.5081 acc=0.8381

=== single [uni_v2] ===
  377 slides usable (0 not in the feature group)
  loaded 100/377 slides
  loaded 200/377 slides
  loaded 300/377 slides
  loaded 377 bags, dim=1536 (22.5s)
  abmil     auc=0.5474 bacc=0.4842 f1=0.4670 acc=0.8762
  transmil  auc=0.5305 bacc=0.4842 f1=0.4670 acc=0.8762

=== concat [all] ===
  377 slides usable (0 not in the feature group)
  loaded 100/377 slides
  loaded 200/377 slides
  loaded 300/377 slides
  loaded 377 bags, dim=6144 (39.7s)
  abmil     auc=0.5032 bacc=0.4632 f1=0.4560 acc=0.8381
  transmil  auc=0.4968 bacc=0.4895 f1=0.4697 acc=0.8857

=== shared [all] ===
  377 slides usable (0 not in the feature group)
  loaded 100/377 slides
  loaded 200/377 slides
  loaded 300/377 slides
  loaded 377 bags, dim=64 (49.1s)
  abmil     auc=0.6200 bacc=0.5000 f1=0.4750 acc=0.9048
  transmil  auc=0.6474 bacc=0.5000 f1=0.4750 acc=0.9048

=== Phase VIII results (patient-disjoint test split) ===
condition   encoders      mil  dim    auc  accuracy     f1  balanced_accuracy  n_test  seconds
   single   conch_v1    abmil  512 0.5579    0.8762 0.5333             0.5289     105     21.7
   single   conch_v1 transmil  512 0.5337    0.8762 0.4670             0.4842     105     19.2
   single ctranspath    abmil  768 0.4642    0.8667 0.4643             0.4789     105     29.8
   single ctranspath transmil  768 0.5411    0.8762 0.4670             0.4842     105     28.1
   single   gigapath    abmil 1536 0.4616    0.8952 0.4724             0.4947     105     73.7
   single   gigapath transmil 1536 0.5116    0.8381 0.4560             0.4632     105     26.2
   single       keep    abmil  768 0.4947    0.9048 0.4750             0.5000     105     27.6
   single       keep transmil  768 0.4889    0.8381 0.4560             0.4632     105     60.5
   single   resnet50    abmil 1024 0.4284    0.8667 0.4643             0.4789     105     64.8
   single   resnet50 transmil 1024 0.4821    0.8381 0.5081             0.5079     105     41.9
   single     uni_v2    abmil 1536 0.5474    0.8762 0.4670             0.4842     105     33.5
   single     uni_v2 transmil 1536 0.5305    0.8762 0.4670             0.4842     105     32.1
   concat        all    abmil 6144 0.5032    0.8381 0.4560             0.4632     105     40.3
   concat        all transmil 6144 0.4968    0.8857 0.4697             0.4895     105     45.8
   shared        all    abmil   64 0.6200    0.9048 0.4750             0.5000     105     15.5
   shared        all transmil   64 0.6474    0.9048 0.4750             0.5000     105     18.3

Wrote results to results/full_run/downstream/downstream/cptac_brca_gata3
[downstream_cptac_brca_gata3] ok in 16.4 min  (log: results/full_run/downstream/logs/downstream_cptac_brca_gata3.log)

==============================================================================
[downstream_cptac_brca_map3k1] /opt/anaconda3/bin/python /users/home/dchanda/pfm_latent_space/scripts/downstream_mil.py --task cptac_brca_map3k1 --group best --latent-dim 64 --max-patches 4000 --epochs 80 --align-patches 50000 --mil abmil transmil --seed 0 --out results/full_run/downstream/downstream/cptac_brca_map3k1
==============================================================================
FeatureGroup(cptac_benchmark/10x_256px, 6 encoders: ['conch_v1', 'ctranspath', 'gigapath', 'keep', 'resnet50', 'uni_v2'])
task: cptac_brca_map3k1 — CPTAC-BRCA: predict MAP3K1 mutation status from morphology
note: Patients without sequencing are excluded, not called WT. Mutation prediction from H&E is a weak-signal task — AUCs in the 0.6-0.75 range are the norm — which makes it far more discriminative between encoders than tissue typing.

377 slides, 116 patients
label
WT     348
MUT     29
split: 288 train / 89 test slides (patient-disjoint)

Fitting gcca on TRAINING slides only ... /users/home/dchanda/.local/lib/python3.12/site-packages/torch/nn/modules/transformer.py:382: UserWarning: enable_nested_tensor is True, but self.use_nested_tensor is False because encoder_layer.norm_first was True
  warnings.warn(
/users/home/dchanda/.local/lib/python3.12/site-packages/torch/nn/modules/transformer.py:382: UserWarning: enable_nested_tensor is True, but self.use_nested_tensor is False because encoder_layer.norm_first was True
  warnings.warn(
/users/home/dchanda/.local/lib/python3.12/site-packages/torch/nn/modules/transformer.py:382: UserWarning: enable_nested_tensor is True, but self.use_nested_tensor is False because encoder_layer.norm_first was True
  warnings.warn(
/users/home/dchanda/.local/lib/python3.12/site-packages/torch/nn/modules/transformer.py:382: UserWarning: enable_nested_tensor is True, but self.use_nested_tensor is False because encoder_layer.norm_first was True
  warnings.warn(
/users/home/dchanda/.local/lib/python3.12/site-packages/torch/nn/modules/transformer.py:382: UserWarning: enable_nested_tensor is True, but self.use_nested_tensor is False because encoder_layer.norm_first was True
  warnings.warn(
/users/home/dchanda/.local/lib/python3.12/site-packages/torch/nn/modules/transformer.py:382: UserWarning: enable_nested_tensor is True, but self.use_nested_tensor is False because encoder_layer.norm_first was True
  warnings.warn(
/users/home/dchanda/.local/lib/python3.12/site-packages/torch/nn/modules/transformer.py:382: UserWarning: enable_nested_tensor is True, but self.use_nested_tensor is False because encoder_layer.norm_first was True
  warnings.warn(
/users/home/dchanda/.local/lib/python3.12/site-packages/torch/nn/modules/transformer.py:382: UserWarning: enable_nested_tensor is True, but self.use_nested_tensor is False because encoder_layer.norm_first was True
  warnings.warn(
done (50.5s)

=== single [conch_v1] ===
  377 slides usable (0 not in the feature group)
  loaded 100/377 slides
  loaded 200/377 slides
  loaded 300/377 slides
  loaded 377 bags, dim=512 (5.0s)
  abmil     auc=0.3618 bacc=0.5000 f1=0.4885 acc=0.9551
  transmil  auc=0.3853 bacc=0.5000 f1=0.4885 acc=0.9551

=== single [ctranspath] ===
  377 slides usable (0 not in the feature group)
  loaded 100/377 slides
  loaded 200/377 slides
  loaded 300/377 slides
  loaded 377 bags, dim=768 (4.7s)
  abmil     auc=0.4235 bacc=0.5000 f1=0.4885 acc=0.9551
  transmil  auc=0.2382 bacc=0.5000 f1=0.4885 acc=0.9551

=== single [gigapath] ===
  377 slides usable (0 not in the feature group)
  loaded 100/377 slides
  loaded 200/377 slides
  loaded 300/377 slides
  loaded 377 bags, dim=1536 (5.4s)
  abmil     auc=0.4118 bacc=0.5000 f1=0.4885 acc=0.9551
  transmil  auc=0.4706 bacc=0.5000 f1=0.4885 acc=0.9551

=== single [keep] ===
  377 slides usable (0 not in the feature group)
  loaded 100/377 slides
  loaded 200/377 slides
  loaded 300/377 slides
  loaded 377 bags, dim=768 (5.2s)
  abmil     auc=0.4029 bacc=0.5000 f1=0.4885 acc=0.9551
  transmil  auc=0.3706 bacc=0.5000 f1=0.4885 acc=0.9551

=== single [resnet50] ===
  377 slides usable (0 not in the feature group)
  loaded 100/377 slides
  loaded 200/377 slides
  loaded 300/377 slides
  loaded 377 bags, dim=1024 (3.8s)
  abmil     auc=0.1882 bacc=0.5000 f1=0.4885 acc=0.9551
  transmil  auc=0.3412 bacc=0.3882 f1=0.4258 acc=0.7416

=== single [uni_v2] ===
  377 slides usable (0 not in the feature group)
  loaded 100/377 slides
  loaded 200/377 slides
  loaded 300/377 slides
  loaded 377 bags, dim=1536 (4.9s)
  abmil     auc=0.4559 bacc=0.5000 f1=0.4885 acc=0.9551
  transmil  auc=0.4088 bacc=0.5000 f1=0.4885 acc=0.9551

=== concat [all] ===
  377 slides usable (0 not in the feature group)
  loaded 100/377 slides
  loaded 200/377 slides
  loaded 300/377 slides
  loaded 377 bags, dim=6144 (30.2s)
  abmil     auc=0.4824 bacc=0.5000 f1=0.4885 acc=0.9551
  transmil  auc=0.4059 bacc=0.5000 f1=0.4885 acc=0.9551

=== shared [all] ===
  377 slides usable (0 not in the feature group)
  loaded 100/377 slides
  loaded 200/377 slides
  loaded 300/377 slides
  loaded 377 bags, dim=64 (32.6s)
  abmil     auc=0.5706 bacc=0.5000 f1=0.4885 acc=0.9551
  transmil  auc=0.2118 bacc=0.5000 f1=0.4885 acc=0.9551

=== Phase VIII results (patient-disjoint test split) ===
condition   encoders      mil  dim    auc  accuracy     f1  balanced_accuracy  n_test  seconds
   single   conch_v1    abmil  512 0.3618    0.9551 0.4885             0.5000      89     12.3
   single   conch_v1 transmil  512 0.3853    0.9551 0.4885             0.5000      89     14.5
   single ctranspath    abmil  768 0.4235    0.9551 0.4885             0.5000      89      6.3
   single ctranspath transmil  768 0.2382    0.9551 0.4885             0.5000      89     15.5
   single   gigapath    abmil 1536 0.4118    0.9551 0.4885             0.5000      89      8.0
   single   gigapath transmil 1536 0.4706    0.9551 0.4885             0.5000      89     17.3
   single       keep    abmil  768 0.4029    0.9551 0.4885             0.5000      89      6.9
   single       keep transmil  768 0.3706    0.9551 0.4885             0.5000      89     17.8
   single   resnet50    abmil 1024 0.1882    0.9551 0.4885             0.5000      89      6.1
   single   resnet50 transmil 1024 0.3412    0.7416 0.4258             0.3882      89     29.2
   single     uni_v2    abmil 1536 0.4559    0.9551 0.4885             0.5000      89      8.7
   single     uni_v2 transmil 1536 0.4088    0.9551 0.4885             0.5000      89     16.8
   concat        all    abmil 6144 0.4824    0.9551 0.4885             0.5000      89     18.0
   concat        all transmil 6144 0.4059    0.9551 0.4885             0.5000      89     27.1
   shared        all    abmil   64 0.5706    0.9551 0.4885             0.5000      89     11.8
   shared        all transmil   64 0.2118    0.9551 0.4885             0.5000      89     28.7

Wrote results to results/full_run/downstream/downstream/cptac_brca_map3k1
[downstream_cptac_brca_map3k1] ok in 6.5 min  (log: results/full_run/downstream/logs/downstream_cptac_brca_map3k1.log)

==============================================================================
[downstream_cptac_brca_pik3ca] /opt/anaconda3/bin/python /users/home/dchanda/pfm_latent_space/scripts/downstream_mil.py --task cptac_brca_pik3ca --group best --latent-dim 64 --max-patches 4000 --epochs 80 --align-patches 50000 --mil abmil transmil --seed 0 --out results/full_run/downstream/downstream/cptac_brca_pik3ca
==============================================================================
FeatureGroup(cptac_benchmark/10x_256px, 6 encoders: ['conch_v1', 'ctranspath', 'gigapath', 'keep', 'resnet50', 'uni_v2'])
task: cptac_brca_pik3ca — CPTAC-BRCA: predict PIK3CA mutation status from morphology
note: Patients without sequencing are excluded, not called WT. Mutation prediction from H&E is a weak-signal task — AUCs in the 0.6-0.75 range are the norm — which makes it far more discriminative between encoders than tissue typing.

377 slides, 116 patients
label
WT     265
MUT    112
split: 270 train / 107 test slides (patient-disjoint)

Fitting gcca on TRAINING slides only ... /users/home/dchanda/.local/lib/python3.12/site-packages/torch/nn/modules/transformer.py:382: UserWarning: enable_nested_tensor is True, but self.use_nested_tensor is False because encoder_layer.norm_first was True
  warnings.warn(
/users/home/dchanda/.local/lib/python3.12/site-packages/torch/nn/modules/transformer.py:382: UserWarning: enable_nested_tensor is True, but self.use_nested_tensor is False because encoder_layer.norm_first was True
  warnings.warn(
/users/home/dchanda/.local/lib/python3.12/site-packages/torch/nn/modules/transformer.py:382: UserWarning: enable_nested_tensor is True, but self.use_nested_tensor is False because encoder_layer.norm_first was True
  warnings.warn(
/users/home/dchanda/.local/lib/python3.12/site-packages/torch/nn/modules/transformer.py:382: UserWarning: enable_nested_tensor is True, but self.use_nested_tensor is False because encoder_layer.norm_first was True
  warnings.warn(
/users/home/dchanda/.local/lib/python3.12/site-packages/torch/nn/modules/transformer.py:382: UserWarning: enable_nested_tensor is True, but self.use_nested_tensor is False because encoder_layer.norm_first was True
  warnings.warn(
/users/home/dchanda/.local/lib/python3.12/site-packages/torch/nn/modules/transformer.py:382: UserWarning: enable_nested_tensor is True, but self.use_nested_tensor is False because encoder_layer.norm_first was True
  warnings.warn(
/users/home/dchanda/.local/lib/python3.12/site-packages/torch/nn/modules/transformer.py:382: UserWarning: enable_nested_tensor is True, but self.use_nested_tensor is False because encoder_layer.norm_first was True
  warnings.warn(
/users/home/dchanda/.local/lib/python3.12/site-packages/torch/nn/modules/transformer.py:382: UserWarning: enable_nested_tensor is True, but self.use_nested_tensor is False because encoder_layer.norm_first was True
  warnings.warn(
done (45.4s)

=== single [conch_v1] ===
  377 slides usable (0 not in the feature group)
  loaded 100/377 slides
  loaded 200/377 slides
  loaded 300/377 slides
  loaded 377 bags, dim=512 (4.6s)
  abmil     auc=0.5762 bacc=0.5098 f1=0.4980 acc=0.6355
  transmil  auc=0.5753 bacc=0.5000 f1=0.4088 acc=0.6916

=== single [ctranspath] ===
  377 slides usable (0 not in the feature group)
  loaded 100/377 slides
  loaded 200/377 slides
  loaded 300/377 slides
  loaded 377 bags, dim=768 (4.4s)
  abmil     auc=0.6122 bacc=0.5367 f1=0.5368 acc=0.6262
  transmil  auc=0.6249 bacc=0.5303 f1=0.4706 acc=0.7103

=== single [gigapath] ===
  377 slides usable (0 not in the feature group)
  loaded 100/377 slides
  loaded 200/377 slides
  loaded 300/377 slides
  loaded 377 bags, dim=1536 (5.9s)
  abmil     auc=0.5450 bacc=0.5063 f1=0.5033 acc=0.6075
  transmil  auc=0.6220 bacc=0.5231 f1=0.5231 acc=0.6075

=== single [keep] ===
  377 slides usable (0 not in the feature group)
  loaded 100/377 slides
  loaded 200/377 slides
  loaded 300/377 slides
  loaded 377 bags, dim=768 (5.2s)
  abmil     auc=0.5598 bacc=0.5786 f1=0.5754 acc=0.6262
  transmil  auc=0.6028 bacc=0.5303 f1=0.4706 acc=0.7103

=== single [resnet50] ===
  377 slides usable (0 not in the feature group)
  loaded 100/377 slides
  loaded 200/377 slides
  loaded 300/377 slides
  loaded 377 bags, dim=1024 (5.3s)
  abmil     auc=0.5250 bacc=0.5000 f1=0.4088 acc=0.6916
  transmil  auc=0.4517 bacc=0.5000 f1=0.4088 acc=0.6916

=== single [uni_v2] ===
  377 slides usable (0 not in the feature group)
  loaded 100/377 slides
  loaded 200/377 slides
  loaded 300/377 slides
  loaded 377 bags, dim=1536 (6.0s)
  abmil     auc=0.5401 bacc=0.5199 f1=0.5163 acc=0.6262
  transmil  auc=0.6433 bacc=0.6611 f1=0.6488 acc=0.6822

=== concat [all] ===
  377 slides usable (0 not in the feature group)
  loaded 100/377 slides
  loaded 200/377 slides
  loaded 300/377 slides
  loaded 377 bags, dim=6144 (33.5s)
  abmil     auc=0.5848 bacc=0.5467 f1=0.5470 acc=0.6168
  transmil  auc=0.5934 bacc=0.5268 f1=0.4964 acc=0.6822

=== shared [all] ===
  377 slides usable (0 not in the feature group)
  loaded 100/377 slides
  loaded 200/377 slides
  loaded 300/377 slides
  loaded 377 bags, dim=64 (31.2s)
  abmil     auc=0.5430 bacc=0.5000 f1=0.4088 acc=0.6916
  transmil  auc=0.4537 bacc=0.5000 f1=0.4088 acc=0.6916

=== Phase VIII results (patient-disjoint test split) ===
condition   encoders      mil  dim    auc  accuracy     f1  balanced_accuracy  n_test  seconds
   single   conch_v1    abmil  512 0.5762    0.6355 0.4980             0.5098     107     17.1
   single   conch_v1 transmil  512 0.5753    0.6916 0.4088             0.5000     107     15.6
   single ctranspath    abmil  768 0.6122    0.6262 0.5368             0.5367     107     12.5
   single ctranspath transmil  768 0.6249    0.7103 0.4706             0.5303     107     15.7
   single   gigapath    abmil 1536 0.5450    0.6075 0.5033             0.5063     107     10.2
   single   gigapath transmil 1536 0.6220    0.6075 0.5231             0.5231     107     17.8
   single       keep    abmil  768 0.5598    0.6262 0.5754             0.5786     107     14.2
   single       keep transmil  768 0.6028    0.7103 0.4706             0.5303     107     15.5
   single   resnet50    abmil 1024 0.5250    0.6916 0.4088             0.5000     107     17.8
   single   resnet50 transmil 1024 0.4517    0.6916 0.4088             0.5000     107     16.8
   single     uni_v2    abmil 1536 0.5401    0.6262 0.5163             0.5199     107      9.6
   single     uni_v2 transmil 1536 0.6433    0.6822 0.6488             0.6611     107     17.3
   concat        all    abmil 6144 0.5848    0.6168 0.5470             0.5467     107     22.0
   concat        all transmil 6144 0.5934    0.6822 0.4964             0.5268     107     29.7
   shared        all    abmil   64 0.5430    0.6916 0.4088             0.5000     107     22.3
   shared        all transmil   64 0.4537    0.6916 0.4088             0.5000     107     16.5

Wrote results to results/full_run/downstream/downstream/cptac_brca_pik3ca
[downstream_cptac_brca_pik3ca] ok in 6.9 min  (log: results/full_run/downstream/logs/downstream_cptac_brca_pik3ca.log)

==============================================================================
[downstream_cptac_coad_kras] /opt/anaconda3/bin/python /users/home/dchanda/pfm_latent_space/scripts/downstream_mil.py --task cptac_coad_kras --group best --latent-dim 64 --max-patches 4000 --epochs 80 --align-patches 50000 --mil abmil transmil --seed 0 --out results/full_run/downstream/downstream/cptac_coad_kras
==============================================================================
FeatureGroup(cptac_benchmark/10x_256px, 6 encoders: ['conch_v1', 'ctranspath', 'gigapath', 'keep', 'resnet50', 'uni_v2'])
task: cptac_coad_kras — CPTAC-COAD: predict KRAS mutation status from morphology
note: Patients without sequencing are excluded, not called WT. Mutation prediction from H&E is a weak-signal task — AUCs in the 0.6-0.75 range are the norm — which makes it far more discriminative between encoders than tissue typing.

223 slides, 106 patients
label
WT     151
MUT     72
split: 160 train / 63 test slides (patient-disjoint)

Fitting gcca on TRAINING slides only ... /users/home/dchanda/.local/lib/python3.12/site-packages/torch/nn/modules/transformer.py:382: UserWarning: enable_nested_tensor is True, but self.use_nested_tensor is False because encoder_layer.norm_first was True
  warnings.warn(
/users/home/dchanda/.local/lib/python3.12/site-packages/torch/nn/modules/transformer.py:382: UserWarning: enable_nested_tensor is True, but self.use_nested_tensor is False because encoder_layer.norm_first was True
  warnings.warn(
/users/home/dchanda/.local/lib/python3.12/site-packages/torch/nn/modules/transformer.py:382: UserWarning: enable_nested_tensor is True, but self.use_nested_tensor is False because encoder_layer.norm_first was True
  warnings.warn(
/users/home/dchanda/.local/lib/python3.12/site-packages/torch/nn/modules/transformer.py:382: UserWarning: enable_nested_tensor is True, but self.use_nested_tensor is False because encoder_layer.norm_first was True
  warnings.warn(
/users/home/dchanda/.local/lib/python3.12/site-packages/torch/nn/modules/transformer.py:382: UserWarning: enable_nested_tensor is True, but self.use_nested_tensor is False because encoder_layer.norm_first was True
  warnings.warn(
/users/home/dchanda/.local/lib/python3.12/site-packages/torch/nn/modules/transformer.py:382: UserWarning: enable_nested_tensor is True, but self.use_nested_tensor is False because encoder_layer.norm_first was True
  warnings.warn(
/users/home/dchanda/.local/lib/python3.12/site-packages/torch/nn/modules/transformer.py:382: UserWarning: enable_nested_tensor is True, but self.use_nested_tensor is False because encoder_layer.norm_first was True
  warnings.warn(
/users/home/dchanda/.local/lib/python3.12/site-packages/torch/nn/modules/transformer.py:382: UserWarning: enable_nested_tensor is True, but self.use_nested_tensor is False because encoder_layer.norm_first was True
  warnings.warn(
done (115.9s)

=== single [conch_v1] ===
  223 slides usable (0 not in the feature group)
  loaded 100/223 slides
  loaded 200/223 slides
  loaded 223 bags, dim=512 (5.3s)
  abmil     auc=0.5326 bacc=0.5169 f1=0.4949 acc=0.6508
  transmil  auc=0.5302 bacc=0.5250 f1=0.4571 acc=0.6984

=== single [ctranspath] ===
  223 slides usable (0 not in the feature group)
  loaded 100/223 slides
  loaded 200/223 slides
  loaded 223 bags, dim=768 (6.2s)
  abmil     auc=0.5384 bacc=0.5000 f1=0.4057 acc=0.6825
  transmil  auc=0.5814 bacc=0.5250 f1=0.4571 acc=0.6984

=== single [gigapath] ===
  223 slides usable (0 not in the feature group)
  loaded 100/223 slides
  loaded 200/223 slides
  loaded 223 bags, dim=1536 (8.7s)
  abmil     auc=0.5570 bacc=0.5436 f1=0.5392 acc=0.6508
  transmil  auc=0.5767 bacc=0.5017 f1=0.4415 acc=0.6667

=== single [keep] ===
  223 slides usable (0 not in the feature group)
  loaded 100/223 slides
  loaded 200/223 slides
  loaded 223 bags, dim=768 (6.2s)
  abmil     auc=0.5279 bacc=0.4855 f1=0.4834 acc=0.5714
  transmil  auc=0.5209 bacc=0.5250 f1=0.4571 acc=0.6984

=== single [resnet50] ===
  223 slides usable (0 not in the feature group)
  loaded 100/223 slides
  loaded 200/223 slides
  loaded 223 bags, dim=1024 (6.2s)
  abmil     auc=0.5640 bacc=0.5000 f1=0.4057 acc=0.6825
  transmil  auc=0.6314 bacc=0.5000 f1=0.4057 acc=0.6825

=== single [uni_v2] ===
  223 slides usable (0 not in the feature group)
  loaded 100/223 slides
  loaded 200/223 slides
  loaded 223 bags, dim=1536 (8.8s)
  abmil     auc=0.4721 bacc=0.4570 f1=0.4312 acc=0.5873
  transmil  auc=0.4826 bacc=0.5250 f1=0.4571 acc=0.6984

=== concat [all] ===
  223 slides usable (0 not in the feature group)
  loaded 100/223 slides
  loaded 200/223 slides
  loaded 223 bags, dim=6144 (17.1s)
  abmil     auc=0.5698 bacc=0.4669 f1=0.4185 acc=0.6190
  transmil  auc=0.5616 bacc=0.5017 f1=0.4415 acc=0.6667

=== shared [all] ===
  223 slides usable (0 not in the feature group)
  loaded 100/223 slides
  loaded 200/223 slides
  loaded 223 bags, dim=64 (25.3s)
  abmil     auc=0.5826 bacc=0.5000 f1=0.4057 acc=0.6825
  transmil  auc=0.5628 bacc=0.5000 f1=0.4057 acc=0.6825

=== Phase VIII results (patient-disjoint test split) ===
condition   encoders      mil  dim    auc  accuracy     f1  balanced_accuracy  n_test  seconds
   single   conch_v1    abmil  512 0.5326    0.6508 0.4949             0.5169      63     11.7
   single   conch_v1 transmil  512 0.5302    0.6984 0.4571             0.5250      63      8.9
   single ctranspath    abmil  768 0.5384    0.6825 0.4057             0.5000      63      3.6
   single ctranspath transmil  768 0.5814    0.6984 0.4571             0.5250      63      8.9
   single   gigapath    abmil 1536 0.5570    0.6508 0.5392             0.5436      63      9.3
   single   gigapath transmil 1536 0.5767    0.6667 0.4415             0.5017      63     10.3
   single       keep    abmil  768 0.5279    0.5714 0.4834             0.4855      63      9.7
   single       keep transmil  768 0.5209    0.6984 0.4571             0.5250      63      8.9
   single   resnet50    abmil 1024 0.5640    0.6825 0.4057             0.5000      63      7.0
   single   resnet50 transmil 1024 0.6314    0.6825 0.4057             0.5000      63      9.3
   single     uni_v2    abmil 1536 0.4721    0.5873 0.4312             0.4570      63      9.0
   single     uni_v2 transmil 1536 0.4826    0.6984 0.4571             0.5250      63     10.3
   concat        all    abmil 6144 0.5698    0.6190 0.4185             0.4669      63     13.9
   concat        all transmil 6144 0.5616    0.6667 0.4415             0.5017      63     20.4
   shared        all    abmil   64 0.5826    0.6825 0.4057             0.5000      63     14.5
   shared        all transmil   64 0.5628    0.6825 0.4057             0.5000      63      9.3

Wrote results to results/full_run/downstream/downstream/cptac_coad_kras
[downstream_cptac_coad_kras] ok in 6.1 min  (log: results/full_run/downstream/logs/downstream_cptac_coad_kras.log)

==============================================================================
[downstream_cptac_coad_pik3ca] /opt/anaconda3/bin/python /users/home/dchanda/pfm_latent_space/scripts/downstream_mil.py --task cptac_coad_pik3ca --group best --latent-dim 64 --max-patches 4000 --epochs 80 --align-patches 50000 --mil abmil transmil --seed 0 --out results/full_run/downstream/downstream/cptac_coad_pik3ca
==============================================================================
